error: implicitly performing saturating subtraction
  --> tests/ui/implicit_saturating_sub.rs:32:5
   |
LL | /     if u_8 > 0 {
LL | |
LL | |         u_8 = u_8 - 1;
LL | |     }
   | |_____^ help: try: `u_8 = u_8.saturating_sub(1);`
   |
   = note: `-D clippy::implicit-saturating-sub` implied by `-D warnings`
   = help: to override `-D warnings` add `#[allow(clippy::implicit_saturating_sub)]`

error: implicitly performing saturating subtraction
  --> tests/ui/implicit_saturating_sub.rs:40:13
   |
LL | /             if u_8 > 0 {
LL | |
LL | |                 u_8 -= 1;
LL | |             }
   | |_____________^ help: try: `u_8 = u_8.saturating_sub(1);`

error: implicitly performing saturating subtraction
  --> tests/ui/implicit_saturating_sub.rs:55:5
   |
LL | /     if u_16 > 0 {
LL | |
LL | |         u_16 -= 1;
LL | |     }
   | |_____^ help: try: `u_16 = u_16.saturating_sub(1);`

error: implicitly performing saturating subtraction
  --> tests/ui/implicit_saturating_sub.rs:66:5
   |
LL | /     if u_32 != 0 {
LL | |
LL | |         u_32 -= 1;
LL | |     }
   | |_____^ help: try: `u_32 = u_32.saturating_sub(1);`

error: implicitly performing saturating subtraction
  --> tests/ui/implicit_saturating_sub.rs:88:5
   |
LL | /     if u_64 > 0 {
LL | |
LL | |         u_64 -= 1;
LL | |     }
   | |_____^ help: try: `u_64 = u_64.saturating_sub(1);`

error: implicitly performing saturating subtraction
  --> tests/ui/implicit_saturating_sub.rs:94:5
   |
LL | /     if 0 < u_64 {
LL | |
LL | |         u_64 -= 1;
LL | |     }
   | |_____^ help: try: `u_64 = u_64.saturating_sub(1);`

error: implicitly performing saturating subtraction
  --> tests/ui/implicit_saturating_sub.rs:100:5
   |
LL | /     if 0 != u_64 {
LL | |
LL | |         u_64 -= 1;
LL | |     }
   | |_____^ help: try: `u_64 = u_64.saturating_sub(1);`

error: implicitly performing saturating subtraction
  --> tests/ui/implicit_saturating_sub.rs:122:5
   |
LL | /     if u_usize > 0 {
LL | |
LL | |         u_usize -= 1;
LL | |     }
   | |_____^ help: try: `u_usize = u_usize.saturating_sub(1);`

error: implicitly performing saturating subtraction
  --> tests/ui/implicit_saturating_sub.rs:135:5
   |
LL | /     if i_8 > i8::MIN {
LL | |
LL | |         i_8 -= 1;
LL | |     }
   | |_____^ help: try: `i_8 = i_8.saturating_sub(1);`

error: implicitly performing saturating subtraction
  --> tests/ui/implicit_saturating_sub.rs:141:5
   |
LL | /     if i_8 > i8::MIN {
LL | |
LL | |         i_8 -= 1;
LL | |     }
   | |_____^ help: try: `i_8 = i_8.saturating_sub(1);`

error: implicitly performing saturating subtraction
  --> tests/ui/implicit_saturating_sub.rs:147:5
   |
LL | /     if i_8 != i8::MIN {
LL | |
LL | |         i_8 -= 1;
LL | |     }
   | |_____^ help: try: `i_8 = i_8.saturating_sub(1);`

error: implicitly performing saturating subtraction
  --> tests/ui/implicit_saturating_sub.rs:153:5
   |
LL | /     if i_8 != i8::MIN {
LL | |
LL | |         i_8 -= 1;
LL | |     }
   | |_____^ help: try: `i_8 = i_8.saturating_sub(1);`

error: implicitly performing saturating subtraction
  --> tests/ui/implicit_saturating_sub.rs:164:5
   |
LL | /     if i_16 > i16::MIN {
LL | |
LL | |         i_16 -= 1;
LL | |     }
   | |_____^ help: try: `i_16 = i_16.saturating_sub(1);`

error: implicitly performing saturating subtraction
  --> tests/ui/implicit_saturating_sub.rs:170:5
   |
LL | /     if i_16 > i16::MIN {
LL | |
LL | |         i_16 -= 1;
LL | |     }
   | |_____^ help: try: `i_16 = i_16.saturating_sub(1);`

error: implicitly performing saturating subtraction
  --> tests/ui/implicit_saturating_sub.rs:176:5
   |
LL | /     if i_16 != i16::MIN {
LL | |
LL | |         i_16 -= 1;
LL | |     }
   | |_____^ help: try: `i_16 = i_16.saturating_sub(1);`

error: implicitly performing saturating subtraction
  --> tests/ui/implicit_saturating_sub.rs:182:5
   |
LL | /     if i_16 != i16::MIN {
LL | |
LL | |         i_16 -= 1;
LL | |     }
   | |_____^ help: try: `i_16 = i_16.saturating_sub(1);`

error: implicitly performing saturating subtraction
  --> tests/ui/implicit_saturating_sub.rs:193:5
   |
LL | /     if i_32 > i32::MIN {
LL | |
LL | |         i_32 -= 1;
LL | |     }
   | |_____^ help: try: `i_32 = i_32.saturating_sub(1);`

error: implicitly performing saturating subtraction
  --> tests/ui/implicit_saturating_sub.rs:199:5
   |
LL | /     if i_32 > i32::MIN {
LL | |
LL | |         i_32 -= 1;
LL | |     }
   | |_____^ help: try: `i_32 = i_32.saturating_sub(1);`

error: implicitly performing saturating subtraction
  --> tests/ui/implicit_saturating_sub.rs:205:5
   |
LL | /     if i_32 != i32::MIN {
LL | |
LL | |         i_32 -= 1;
LL | |     }
   | |_____^ help: try: `i_32 = i_32.saturating_sub(1);`

error: implicitly performing saturating subtraction
  --> tests/ui/implicit_saturating_sub.rs:211:5
   |
LL | /     if i_32 != i32::MIN {
LL | |
LL | |         i_32 -= 1;
LL | |     }
   | |_____^ help: try: `i_32 = i_32.saturating_sub(1);`

error: implicitly performing saturating subtraction
  --> tests/ui/implicit_saturating_sub.rs:222:5
   |
LL | /     if i64::MIN < i_64 {
LL | |
LL | |         i_64 -= 1;
LL | |     }
   | |_____^ help: try: `i_64 = i_64.saturating_sub(1);`

error: implicitly performing saturating subtraction
  --> tests/ui/implicit_saturating_sub.rs:228:5
   |
LL | /     if i64::MIN != i_64 {
LL | |
LL | |         i_64 -= 1;
LL | |     }
   | |_____^ help: try: `i_64 = i_64.saturating_sub(1);`

error: implicitly performing saturating subtraction
  --> tests/ui/implicit_saturating_sub.rs:234:5
   |
LL | /     if i64::MIN < i_64 {
LL | |
LL | |         i_64 -= 1;
LL | |     }
   | |_____^ help: try: `i_64 = i_64.saturating_sub(1);`

error: manual arithmetic check found
  --> tests/ui/implicit_saturating_sub.rs:303:12
   |
LL |       } else if a >= b {
   |  ____________^
LL | |
LL | |         0
LL | |     } else {
LL | |         b - a
LL | |     }
   | |_____^ help: replace it with: `{ b.saturating_sub(a) }`

error: manual arithmetic check found
  --> tests/ui/implicit_saturating_sub.rs:319:13
   |
LL |     let _ = if a * 2 > b { a * 2 - b } else { 0 };
   |             ^^^^^^^^^^^^^^^^^^^^^^^^^^^^^^^^^^^^^ help: replace it with: `(a * 2).saturating_sub(b)`

error: manual arithmetic check found
  --> tests/ui/implicit_saturating_sub.rs:322:13
   |
LL |     let _ = if a > b * 2 { a - b * 2 } else { 0 };
   |             ^^^^^^^^^^^^^^^^^^^^^^^^^^^^^^^^^^^^^ help: replace it with: `a.saturating_sub(b * 2)`

error: manual arithmetic check found
  --> tests/ui/implicit_saturating_sub.rs:325:13
   |
LL |     let _ = if a < b * 2 { 0 } else { a - b * 2 };
   |             ^^^^^^^^^^^^^^^^^^^^^^^^^^^^^^^^^^^^^ help: replace it with: `a.saturating_sub(b * 2)`

error: aborting due to 27 previous errors

